// Jest Snapshot v1, https://goo.gl/fbAQLP

exports[`Players snapshot 1`] = `
<DocumentFragment>
  <div
    class="
  flex flex-wrap gap-2
  "
  >
    <div
      class="flex flex-col items-center gap-2 p-2 w-20"
    >
      <div
        class="
      flex
      flex-col
      items-center
      w-20
    "
      >
        <div
          class="
        flex
        items-center justify-center
        h-14
        w-14
        rounded-full
        border
        bg-white
        border-slate-400
      "
        >
          <div
            class="relative text-slate-600"
          >
            <div
              class="text-3xl"
            >
              <svg
                fill="currentColor"
                height="1em"
                stroke="currentColor"
                stroke-width="0"
                viewBox="0 0 24 24"
                width="1em"
                xmlns="http://www.w3.org/2000/svg"
              >
                <path
                  d="M4 22C4 17.5817 7.58172 14 12 14C16.4183 14 20 17.5817 20 22H4ZM12 13C8.685 13 6 10.315 6 7C6 3.685 8.685 1 12 1C15.315 1 18 3.685 18 7C18 10.315 15.315 13 12 13Z"
                />
              </svg>
            </div>
          </div>
        </div>
      </div>
      <div
        class="relative"
      >
        <div
          class="relative"
        >
          <div
            class="
      
flex
items-center justify-center
w-14 h-20
border-slate-400
rounded border
text-slate-600
select-none
bg-white

      
      
      font-bold text-2xl
    "
          >
            XL
          </div>
        </div>
      </div>
    </div>
    <div
      class="flex flex-col items-center gap-2 p-2 w-20"
    >
      <div
        class="
      flex
      flex-col
      items-center
      w-20
    "
      >
        <div
          class="
        flex
        items-center justify-center
        h-14
        w-14
        rounded-full
        border
        bg-white
        
border-slate-400
shadow-md
hover:cursor-pointer
hover:border-2
active:animate-none
active:shadow-none
active:border
active:border-slate-300

      "
        >
          <div
            class="relative text-slate-600"
          >
            <div
              class="text-3xl"
            >
              <svg
                fill="currentColor"
                height="1em"
                stroke="currentColor"
                stroke-width="0"
                viewBox="0 0 24 24"
                width="1em"
                xmlns="http://www.w3.org/2000/svg"
              >
                <path
                  d="M4 22C4 17.5817 7.58172 14 12 14C16.4183 14 20 17.5817 20 22H18C18 18.6863 15.3137 16 12 16C8.68629 16 6 18.6863 6 22H4ZM12 13C8.685 13 6 10.315 6 7C6 3.685 8.685 1 12 1C15.315 1 18 3.685 18 7C18 10.315 15.315 13 12 13ZM12 11C14.21 11 16 9.21 16 7C16 4.79 14.21 3 12 3C9.79 3 8 4.79 8 7C8 9.21 9.79 11 12 11Z"
                />
              </svg>
            </div>
          </div>
        </div>
      </div>
      <div
        class="relative"
      >
        <div
          class="relative"
        >
          <div
            class="
      
flex
items-center justify-center
w-14 h-20
border-slate-400
rounded border
text-slate-600
select-none
bg-white

      
      
      font-bold text-2xl
    "
          >
            S
          </div>
        </div>
      </div>
    </div>
    <div
      class="flex flex-col items-center gap-2 p-2 w-20"
    >
      <div
        class="
      flex
      flex-col
      items-center
      w-20
    "
      >
        <div
          class="
        flex
        items-center justify-center
        h-14
        w-14
        rounded-full
        border
        bg-white
        
border-slate-400
shadow-md
hover:cursor-pointer
hover:border-2
active:animate-none
active:shadow-none
active:border
active:border-slate-300

      "
        >
          <div
            class="relative text-slate-600"
          >
            <div
              class="text-3xl"
            >
              <svg
                fill="currentColor"
                height="1em"
                stroke="currentColor"
                stroke-width="0"
                viewBox="0 0 24 24"
                width="1em"
                xmlns="http://www.w3.org/2000/svg"
              >
                <path
                  d="M4 22C4 17.5817 7.58172 14 12 14C16.4183 14 20 17.5817 20 22H18C18 18.6863 15.3137 16 12 16C8.68629 16 6 18.6863 6 22H4ZM12 13C8.685 13 6 10.315 6 7C6 3.685 8.685 1 12 1C15.315 1 18 3.685 18 7C18 10.315 15.315 13 12 13ZM12 11C14.21 11 16 9.21 16 7C16 4.79 14.21 3 12 3C9.79 3 8 4.79 8 7C8 9.21 9.79 11 12 11Z"
                />
              </svg>
            </div>
          </div>
        </div>
      </div>
      <div
        class="relative"
      >
        <div
          class="relative"
        >
          <div
            class="
      
flex
items-center justify-center
w-14 h-20
border-slate-400
rounded border
text-slate-600
select-none
bg-white

      
      
      font-bold text-2xl
    "
          >
            M
          </div>
        </div>
      </div>
    </div>
  </div>
</DocumentFragment>
`;
