// Jest Snapshot v1, https://goo.gl/fbAQLP

exports[`Header snapshot 1`] = `
<DocumentFragment>
  <nav
    class="flex ustify-between flex-wrap py-4 px-6 border-b"
  >
    <div
      class="flex items-center flex-shrink-0 text-slate-800"
    >
      <a
        class="font-bold text-2xl tracking-tight"
        href="/"
      >
        Salon
      </a>
    </div>
  </nav>
  <div />
</DocumentFragment>
`;
